ERROR:0,4:Unknown symbol `A'
ERROR:0,4:syntax error, unexpected $undefined, expecting TOKEN_LPAREN or TOKEN_NUMBER
ERROR:1,4-1,6:syntax error, unexpected TOKEN_OUT, expecting TOKEN_LPAREN or TOKEN_NUMBER
ERROR:2,0:syntax error, unexpected TOKEN_NUMBER, expecting $end
ERROR:3,0:Unknown symbol `w'
ERROR:3,0:syntax error, unexpected $undefined, expecting $end
ERROR:4,5:Unknown symbol `@'
ERROR:4,5:syntax error, unexpected $undefined, expecting $end
ERROR:5,5:Unknown symbol `.'
ERROR:5,5:syntax error, unexpected $undefined, expecting $end
45
ERROR:7,10:Unknown symbol `A'
ERROR:7,10:syntax error, unexpected $undefined, expecting TOKEN_LPAREN or TOKEN_NUMBER
