ERROR:2:Unknown identifier: undefined1
ERROR:3:Unknown identifier: undefined2
ERROR:6:Unknown identifier: me
ERROR:9:Unknown identifier: g1
2
ERROR:15:Unknown identifier: xyz
