ERROR:1:Can't perform map operation on scalar value.
