ERROR:1:Cannot perform arithmetic operation on vector values.
