ERROR:1:Cannor perform arithmetic operation on vector values.
