ERROR:1:Can't perform reduce operation on scalar value.
