ERROR:1:Can't return vector value as result of lambda function.
